// Jest Snapshot v1, https://goo.gl/fbAQLP

exports[`StoryContainer snapshot for StoryContainer 1`] = `
<ul
  id="story"
/>
`;
