// Jest Snapshot v1, https://goo.gl/fbAQLP

exports[`StoryEntry snapshot for StoryEntry 1`] = `
<li
  className="story-entry"
>
  something here
</li>
`;
